[00] = hhhh, -3, -3
[01] = Sulfuras, Hand of Ragnaros, 1, -1
[02] = Backstage passes to a TAFKAL80ETC concert, -3, 0
[03] = Aged Brie, 0, 4
[04] = Backstage passes to a TAFKAL80ETC concert, 19, 50
[05] = Aged Brie, -2, 50
[06] = Backstage passes to a TAFKAL80ETC concert, 0, 50
[07] = Aged Brie, -2, 6
[08] = Backstage passes to a TAFKAL80ETC concert, 0, 66
[09] = hhh, 0, 3
[10] = hhhh, -3, 1
[11] = Sulfuras, Hand of Ragnaros, -2, -3
